(TranslationUnit
    (SymbolTable
        1
        {
            main:
                (Program
                    (SymbolTable
                        3
                        {
                            
                        })
                    main
                    []
                    [(SubroutineCall
                        1 where2
                        ()
                        []
                        ()
                    )]
                ),
            where2:
                (Function
                    (SymbolTable
                        2
                        {
                            a:
                                (Variable
                                    2
                                    a
                                    []
                                    Local
                                    ()
                                    ()
                                    Default
                                    (Integer 4 [((IntegerConstant 1 (Integer 4 []))
                                    (IntegerConstant 10 (Integer 4 [])))])
                                    ()
                                    Source
                                    Public
                                    Required
                                    .false.
                                ),
                            b:
                                (Variable
                                    2
                                    b
                                    []
                                    Local
                                    ()
                                    ()
                                    Default
                                    (Integer 4 [((IntegerConstant 1 (Integer 4 []))
                                    (IntegerConstant 10 (Integer 4 [])))])
                                    ()
                                    Source
                                    Public
                                    Required
                                    .false.
                                )
                        })
                    where2
                    (FunctionType
                        []
                        ()
                        Source
                        Implementation
                        ()
                        .false.
                        .false.
                        .false.
                        .false.
                        .false.
                        []
                        []
                        .false.
                    )
                    []
                    []
                    [(Where
                        (IntegerCompare
                            (Var 2 a)
                            Gt
                            (Var 2 b)
                            (Logical 4 [((IntegerConstant 1 (Integer 4 []))
                            (IntegerConstant 10 (Integer 4 [])))])
                            ()
                        )
                        [(=
                            (Var 2 a)
                            (IntegerConstant 1 (Integer 4 []))
                            ()
                        )]
                        []
                    )
                    (Where
                        (IntegerCompare
                            (Var 2 a)
                            Eq
                            (IntegerConstant 1 (Integer 4 []))
                            (Logical 4 [((IntegerConstant 1 (Integer 4 []))
                            (IntegerConstant 10 (Integer 4 [])))])
                            ()
                        )
                        [(=
                            (Var 2 a)
                            (IntegerConstant 2 (Integer 4 []))
                            ()
                        )]
                        [(Where
                            (IntegerCompare
                                (Var 2 a)
                                Eq
                                (IntegerConstant 2 (Integer 4 []))
                                (Logical 4 [((IntegerConstant 1 (Integer 4 []))
                                (IntegerConstant 10 (Integer 4 [])))])
                                ()
                            )
                            [(=
                                (Var 2 a)
                                (IntegerConstant 3 (Integer 4 []))
                                ()
                            )]
                            [(=
                                (Var 2 a)
                                (IntegerBinOp
                                    (Var 2 a)
                                    Mul
                                    (IntegerConstant 2 (Integer 4 []))
                                    (Integer 4 [((IntegerConstant 1 (Integer 4 []))
                                    (IntegerConstant 10 (Integer 4 [])))])
                                    ()
                                )
                                ()
                            )]
                        )]
                    )]
                    ()
                    Public
                    .false.
                    .false.
                )
        })
    []
)
